
*source:*
TestOwner (object)
	Name: source
	Inner: 
		CopyTestChild (object)
			Name: inner property
	Inners: (list)
		CopyTestChild (object)
			Name: inner list item1
		CopyTestChild (object)
			Name: inner list item2


*after new version read from old source:*
TestOwnerWithPropertyRemoved (object)
	Name: source
	Inners: (list)
		CopyTestChild (object)
			Name: inner list item1
		CopyTestChild (object)
			Name: inner list item2


*after new version save and load:*
TestOwnerWithPropertyRemoved (object)
	Name: source
	Inners: (list)
		CopyTestChild (object)
			Name: inner list item1
		CopyTestChild (object)
			Name: inner list item2

