
*source:*
TestOwner (object)
	Name: source
	Inner: 
		CopyTestChild (object)
			Name: inner property
	Inners: (list)
		CopyTestChild (object)
			Name: inner list item1
		CopyTestChild (object)
			Name: inner list item2


*after new version read from old source:*
TestOwnerWithNewProperty (object)
	Name: source
	Inner: 
		CopyTestChild (object)
			Name: inner property
	Inners: (list)
		CopyTestChild (object)
			Name: inner list item1
		CopyTestChild (object)
			Name: inner list item2
	NewProp: [null]


*after new version save and load:*
TestOwnerWithNewProperty (object)
	Name: source
	Inner: 
		CopyTestChild (object)
			Name: inner property
	Inners: (list)
		CopyTestChild (object)
			Name: inner list item1
		CopyTestChild (object)
			Name: inner list item2
	NewProp: the new property

